error[E0308]: mismatched types
 --> tests/ui/fail/generic-context-args.rs:7:1
  |
7 | #[public]
  | ^^^^^^^^^
  | |
  | expected `&mut Context`, found `&mut Context<u8>`
  | arguments to this function are incorrect
  |
  = note: `Context<u8>` and `wasmlanche_sdk::Context` have similar names, but are actually distinct types
note: `Context<u8>` is defined in the current crate
 --> tests/ui/fail/generic-context-args.rs:5:1
  |
5 | pub struct Context<T>(T);
  | ^^^^^^^^^^^^^^^^^^^^^
note: `wasmlanche_sdk::Context` is defined in crate `wasmlanche_sdk`
 --> $WORKSPACE/x/programs/rust/wasmlanche-sdk/src/context.rs
  |
  | pub struct Context {
  | ^^^^^^^^^^^^^^^^^^
note: function defined here
 --> tests/ui/fail/generic-context-args.rs:8:8
  |
7 | #[public]
  | ---------
8 | pub fn always_true(_: &mut Context<u8>) -> bool {
  |        ^^^^^^^^^^^
  = note: this error originates in the attribute macro `public` (in Nightly builds, run with -Z macro-backtrace for more info)
