error: Functions with the `#[public]` attribute must have `pub` visibility.
 --> tests/ui/fail/not-pub.rs:7:1
  |
7 | fn test(_: Context) {}
  | ^^
